 ----------
|a         |
|          |
|          |
|          |
|          |
|          |
|          |
|          |
|          |
|          |
 ----------
size 10x10 cursor 0x1
