 --
|  |
|  |
|  |
|  |
|  |
 --
size 5x2 cursor 0x1
