 ----------
|abc       |
 ----------
size 1x10 cursor 0x0
