 --
|a |
|  |
|  |
|  |
|  |
 --
size 5x2 cursor 4x0
