 -----
|A B  |
|     |
 -----
size 2x5 cursor 0x3
