 -----
|     |
|     |
|     |
|     |
|     |
 -----
size 5x5 cursor 1x1
