 ----------
|aaaaaaaaa |
|          |
 ----------
size 2x10 cursor 0x9
