 --
|a |
|a |
|  |
|  |
|  |
 --
size 5x2 cursor 1x0
