 --------------------
|hello               |
|                    |
 --------------------
size 2x20 cursor 0x6
