 -----
|d    |
|e    |
|     |
|     |
|     |
 -----
size 5x5 cursor 4x0
