 ------
|d     |
|e     |
|Hello!|
|      |
 ------
size 4x6 cursor 3x0
