 --------------------------------------------------------------------------------
|abcdefghijklmnopqrstuvwxayzhello                                                |
|                                                                                |
 --------------------------------------------------------------------------------
size 2x80 cursor 0x25
