 -----
|     |
|     |
|     |
|     |
|     |
 -----
size 5x5 cursor 0x0
