 -----
|aaaaa|
|     |
|     |
|     |
|     |
 -----
size 5x5 cursor 2x0
