 ----------
|b         |
|c         |
|d         |
|e         |
|Hello!    |
 ----------
size 5x10 cursor 4x6
