 -----
| est!|
|     |
|     |
|     |
 -----
size 4x5 cursor 0x0
