 ----------
|abc       |
|          |
|          |
|          |
|          |
|          |
|          |
|          |
|          |
|          |
 ----------
size 10x10 cursor 9x3
