 ----------
|a         |
|b         |
|c         |
|          |
|          |
|          |
|          |
|          |
|          |
|          |
 ----------
size 10x10 cursor 1x1
