 ----------
|          |
|          |
|          |
|          |
|          |
|          |
|          |
|          |
|          |
|          |
 ----------
size 10x10 cursor 2x4
