 ----------
|A B C D E |
|A B C D E |
|A B C D E |
|A B C D E |
|          |
|          |
|          |
|          |
|          |
|          |
 ----------
size 10x10 cursor 4x0
