 ----------
|this is   |
|very long |
|text that |
|showing   |
|the buffer|
|          |
|          |
|          |
|          |
|          |
 ----------
size 10x10 cursor 6x0
